# (identifiers)	exp	fit
91	HN	-1.551E+00	-1.180E+00
93	HN	-3.673E-01	-8.099E-01
94	HN	7.161E-01	5.571E-01
95	HN	6.800E-01	8.167E-01
96	HN	-6.874E-01	-2.964E-01
97	HN	2.457E-01	1.581E-01
98	HN	1.254E+00	8.241E-01
99	HN	1.229E-03	-1.747E-01
100	HN	-1.464E-01	-1.862E-01
101	HN	1.010E+00	9.390E-01
102	HN	-2.708E-01	8.278E-02
103	HN	-3.206E-02	-3.220E-01
105	HN	4.935E-01	4.561E-01
119	HN	-1.940E-01	1.724E-01
122	HN	1.902E-01	-8.957E-02
123	HN	-3.530E-02	2.484E-01
124	HN	4.202E-01	1.121E-01
125	HN	-6.568E-01	-2.226E-01
126	HN	-2.074E-01	7.002E-02
127	HN	8.028E-01	4.127E-01
128	HN	3.141E-01	-1.026E-01
129	HN	2.942E-01	1.320E-01
130	HN	1.089E+00	8.507E-01
131	HN	8.573E-01	1.110E+00
132	HN	-1.134E+00	-7.729E-01
133	HN	-6.962E-01	-8.823E-01
134	HN	-1.257E+00	-8.348E-01
135	HN	1.390E-02	4.386E-01
136	HN	1.303E-02	5.101E-01
137	HN	1.331E+00	8.443E-01
138	HN	-8.300E-01	-5.126E-01
139	HN	-5.055E-01	-7.868E-01
140	HN	-8.831E-01	-1.064E+00
141	HN	2.839E-01	-4.389E-01
142	HN	-3.780E-01	-4.133E-01
143	HN	-5.040E-01	-7.397E-01
147	HN	-6.496E-01	-2.618E-01
