# (identifiers)	exp	fit
91	HN	-1.551E+00	-1.172E+00
93	HN	-3.673E-01	-8.088E-01
94	HN	7.161E-01	5.406E-01
95	HN	6.800E-01	8.083E-01
96	HN	-6.874E-01	-3.169E-01
97	HN	2.457E-01	1.709E-01
98	HN	1.254E+00	8.354E-01
99	HN	1.229E-03	-1.451E-01
100	HN	-1.464E-01	-1.535E-01
101	HN	1.010E+00	9.478E-01
102	HN	-2.708E-01	6.205E-02
103	HN	-3.206E-02	-3.444E-01
105	HN	4.935E-01	4.411E-01
119	HN	-1.940E-01	1.995E-01
122	HN	1.902E-01	-5.998E-02
123	HN	-3.530E-02	2.805E-01
124	HN	4.202E-01	1.559E-01
125	HN	-6.568E-01	-1.898E-01
126	HN	-2.074E-01	9.684E-02
127	HN	8.028E-01	4.479E-01
128	HN	3.141E-01	-5.927E-02
129	HN	2.942E-01	1.403E-01
130	HN	1.089E+00	8.330E-01
131	HN	8.573E-01	1.114E+00
132	HN	-1.134E+00	-8.007E-01
133	HN	-6.962E-01	-8.888E-01
134	HN	-1.257E+00	-8.171E-01
135	HN	1.390E-02	4.778E-01
136	HN	1.303E-02	5.491E-01
137	HN	1.331E+00	8.573E-01
138	HN	-8.300E-01	-5.354E-01
139	HN	-5.055E-01	-8.136E-01
140	HN	-8.831E-01	-1.083E+00
141	HN	2.839E-01	-4.610E-01
142	HN	-3.780E-01	-4.352E-01
143	HN	-5.040E-01	-7.664E-01
147	HN	-6.496E-01	-2.192E-01
