# (identifiers)	exp	fit
91	HN	-2.518E+00	-2.516E+00
95	HN	3.242E-01	-2.896E-02
97	HN	2.574E+00	2.551E+00
98	HN	7.724E-01	1.173E+00
99	HN	-6.273E-01	-1.226E+00
100	HN	-1.130E+00	-1.141E+00
101	HN	-2.026E-01	-1.804E-01
102	HN	-4.508E-01	-1.180E-01
103	HN	2.375E-01	3.250E-01
105	HN	2.985E-01	1.287E-01
118	HN	-5.778E-02	6.973E-03
119	HN	1.983E+00	2.351E+00
125	HN	1.411E+00	8.957E-01
126	HN	1.863E+00	2.063E+00
127	HN	1.406E+00	1.932E+00
128	HN	5.932E-01	6.630E-01
129	HN	2.145E+00	1.970E+00
130	HN	7.533E-01	1.110E-01
131	HN	-6.541E-01	2.510E-01
132	HN	-1.309E+00	-1.337E+00
133	HN	-2.518E+00	-2.050E+00
134	HN	-1.970E+00	-2.108E+00
135	HN	1.624E+00	1.526E+00
136	HN	2.356E-01	4.448E-01
137	HN	-6.395E-01	-2.664E-01
138	HN	2.968E-01	4.130E-02
141	HN	2.662E-02	8.221E-02
142	HN	1.365E+00	8.814E-01
143	HN	-7.876E-01	-3.803E-01
145	HN	1.480E+00	1.116E+00
