# (identifiers)	exp	fit
91	HN	-2.518E+00	-2.524E+00
95	HN	3.242E-01	-2.738E-02
97	HN	2.574E+00	2.573E+00
98	HN	7.724E-01	1.185E+00
99	HN	-6.273E-01	-1.196E+00
100	HN	-1.130E+00	-1.106E+00
101	HN	-2.026E-01	-1.589E-01
102	HN	-4.508E-01	-1.586E-01
103	HN	2.375E-01	2.607E-01
105	HN	2.985E-01	1.059E-01
118	HN	-5.778E-02	7.049E-02
119	HN	1.983E+00	2.393E+00
125	HN	1.411E+00	9.600E-01
126	HN	1.863E+00	2.113E+00
127	HN	1.406E+00	1.978E+00
128	HN	5.932E-01	7.299E-01
129	HN	2.145E+00	2.004E+00
130	HN	7.533E-01	1.245E-01
131	HN	-6.541E-01	2.705E-01
132	HN	-1.309E+00	-1.402E+00
133	HN	-2.518E+00	-2.042E+00
134	HN	-1.970E+00	-2.104E+00
135	HN	1.624E+00	1.579E+00
136	HN	2.356E-01	4.976E-01
137	HN	-6.395E-01	-2.430E-01
138	HN	2.968E-01	-2.817E-02
141	HN	2.662E-02	1.637E-02
142	HN	1.365E+00	8.121E-01
143	HN	-7.876E-01	-4.596E-01
145	HN	1.480E+00	1.059E+00
