# (identifiers)	exp	fit
91	HN	-2.518E+00	-2.543E+00
95	HN	3.242E-01	-1.676E-02
97	HN	2.574E+00	2.556E+00
98	HN	7.724E-01	1.191E+00
99	HN	-6.273E-01	-1.240E+00
100	HN	-1.130E+00	-1.156E+00
101	HN	-2.026E-01	-1.690E-01
102	HN	-4.508E-01	-1.059E-01
103	HN	2.375E-01	3.339E-01
105	HN	2.985E-01	1.450E-01
118	HN	-5.778E-02	-1.299E-02
119	HN	1.983E+00	2.353E+00
125	HN	1.411E+00	8.822E-01
126	HN	1.863E+00	2.061E+00
127	HN	1.406E+00	1.937E+00
128	HN	5.932E-01	6.503E-01
129	HN	2.145E+00	1.971E+00
130	HN	7.533E-01	1.243E-01
131	HN	-6.541E-01	2.694E-01
132	HN	-1.309E+00	-1.340E+00
133	HN	-2.518E+00	-2.071E+00
134	HN	-1.970E+00	-2.132E+00
135	HN	1.624E+00	1.529E+00
136	HN	2.356E-01	4.450E-01
137	HN	-6.395E-01	-2.577E-01
138	HN	2.968E-01	4.279E-02
141	HN	2.662E-02	8.414E-02
142	HN	1.365E+00	8.885E-01
143	HN	-7.876E-01	-3.797E-01
145	HN	1.480E+00	1.124E+00
