# (identifiers)	exp	fit
91	HN	-1.551E+00	-1.184E+00
93	HN	-3.673E-01	-8.126E-01
94	HN	7.161E-01	5.543E-01
95	HN	6.800E-01	8.462E-01
96	HN	-6.874E-01	-3.547E-01
97	HN	2.457E-01	1.470E-01
98	HN	1.254E+00	8.473E-01
99	HN	1.229E-03	-1.268E-01
100	HN	-1.464E-01	-1.363E-01
101	HN	1.010E+00	9.931E-01
102	HN	-2.708E-01	5.158E-02
103	HN	-3.206E-02	-3.799E-01
105	HN	4.935E-01	4.456E-01
119	HN	-1.940E-01	1.808E-01
122	HN	1.902E-01	-7.091E-02
123	HN	-3.530E-02	2.661E-01
124	HN	4.202E-01	1.570E-01
125	HN	-6.568E-01	-1.976E-01
126	HN	-2.074E-01	8.080E-02
127	HN	8.028E-01	4.428E-01
128	HN	3.141E-01	-5.996E-02
129	HN	2.942E-01	1.278E-01
130	HN	1.089E+00	8.704E-01
131	HN	8.573E-01	1.155E+00
132	HN	-1.134E+00	-8.302E-01
133	HN	-6.962E-01	-8.947E-01
134	HN	-1.257E+00	-8.172E-01
135	HN	1.390E-02	4.809E-01
136	HN	1.303E-02	5.716E-01
137	HN	1.331E+00	9.005E-01
138	HN	-8.300E-01	-5.667E-01
139	HN	-5.055E-01	-8.550E-01
140	HN	-8.831E-01	-1.113E+00
141	HN	2.839E-01	-4.885E-01
142	HN	-3.780E-01	-4.778E-01
143	HN	-5.040E-01	-8.080E-01
147	HN	-6.496E-01	-2.185E-01
