# (identifiers)	exp	fit
91	HN	-2.518E+00	-2.536E+00
95	HN	3.242E-01	-3.557E-02
97	HN	2.574E+00	2.603E+00
98	HN	7.724E-01	1.190E+00
99	HN	-6.273E-01	-1.197E+00
100	HN	-1.130E+00	-1.105E+00
101	HN	-2.026E-01	-1.663E-01
102	HN	-4.508E-01	-1.702E-01
103	HN	2.375E-01	2.589E-01
105	HN	2.985E-01	9.481E-02
118	HN	-5.778E-02	8.461E-02
119	HN	1.983E+00	2.423E+00
125	HN	1.411E+00	9.806E-01
126	HN	1.863E+00	2.141E+00
127	HN	1.406E+00	2.003E+00
128	HN	5.932E-01	7.502E-01
129	HN	2.145E+00	2.026E+00
130	HN	7.533E-01	1.122E-01
131	HN	-6.541E-01	2.619E-01
132	HN	-1.309E+00	-1.419E+00
133	HN	-2.518E+00	-2.059E+00
134	HN	-1.970E+00	-2.111E+00
135	HN	1.624E+00	1.601E+00
136	HN	2.356E-01	5.084E-01
137	HN	-6.395E-01	-2.488E-01
138	HN	2.968E-01	-2.637E-02
141	HN	2.662E-02	1.844E-02
142	HN	1.365E+00	8.202E-01
143	HN	-7.876E-01	-4.639E-01
145	HN	1.480E+00	1.070E+00
