# (identifiers)	exp	fit
91	HN	-2.518E+00	-2.561E+00
95	HN	3.242E-01	-1.800E-02
97	HN	2.574E+00	2.602E+00
98	HN	7.724E-01	1.217E+00
99	HN	-6.273E-01	-1.195E+00
100	HN	-1.130E+00	-1.103E+00
101	HN	-2.026E-01	-1.400E-01
102	HN	-4.508E-01	-1.630E-01
103	HN	2.375E-01	2.570E-01
105	HN	2.985E-01	1.110E-01
118	HN	-5.778E-02	7.100E-02
119	HN	1.983E+00	2.426E+00
125	HN	1.411E+00	9.710E-01
126	HN	1.863E+00	2.139E+00
127	HN	1.406E+00	2.018E+00
128	HN	5.932E-01	7.490E-01
129	HN	2.145E+00	2.020E+00
130	HN	7.533E-01	1.250E-01
131	HN	-6.541E-01	2.930E-01
132	HN	-1.309E+00	-1.433E+00
133	HN	-2.518E+00	-2.085E+00
134	HN	-1.970E+00	-2.126E+00
135	HN	1.624E+00	1.617E+00
136	HN	2.356E-01	5.280E-01
137	HN	-6.395E-01	-2.240E-01
138	HN	2.968E-01	-3.700E-02
141	HN	2.662E-02	9.000E-03
142	HN	1.365E+00	8.130E-01
143	HN	-7.876E-01	-4.770E-01
145	HN	1.480E+00	1.064E+00
